------------------------------------------------------------
Timing Analyzer Summary
------------------------------------------------------------

Type  : Slow 1200mV 85C Model Setup 'PLL_inst|altpll_component|auto_generated|pll1|clk[3]'
Slack : 1.705
TNS   : 0.000

Type  : Slow 1200mV 85C Model Setup 'PLL_inst|altpll_component|auto_generated|pll1|clk[1]'
Slack : 5.938
TNS   : 0.000

Type  : Slow 1200mV 85C Model Setup 'mem_clk'
Slack : 13.465
TNS   : 0.000

Type  : Slow 1200mV 85C Model Setup 'PLL_inst|altpll_component|auto_generated|pll1|clk[0]'
Slack : 14.090
TNS   : 0.000

Type  : Slow 1200mV 85C Model Hold 'PLL_inst|altpll_component|auto_generated|pll1|clk[1]'
Slack : 0.427
TNS   : 0.000

Type  : Slow 1200mV 85C Model Hold 'PLL_inst|altpll_component|auto_generated|pll1|clk[0]'
Slack : 0.444
TNS   : 0.000

Type  : Slow 1200mV 85C Model Hold 'PLL_inst|altpll_component|auto_generated|pll1|clk[3]'
Slack : 0.455
TNS   : 0.000

Type  : Slow 1200mV 85C Model Hold 'mem_clk'
Slack : 2.286
TNS   : 0.000

Type  : Slow 1200mV 85C Model Recovery 'PLL_inst|altpll_component|auto_generated|pll1|clk[1]'
Slack : 15.058
TNS   : 0.000

Type  : Slow 1200mV 85C Model Removal 'PLL_inst|altpll_component|auto_generated|pll1|clk[1]'
Slack : 3.549
TNS   : 0.000

Type  : Slow 1200mV 85C Model Minimum Pulse Width 'PLL_inst|altpll_component|auto_generated|pll1|clk[3]'
Slack : 1.513
TNS   : 0.000

Type  : Slow 1200mV 85C Model Minimum Pulse Width 'mem_clk'
Slack : 4.314
TNS   : 0.000

Type  : Slow 1200mV 85C Model Minimum Pulse Width 'PLL_inst|altpll_component|auto_generated|pll1|clk[1]'
Slack : 9.627
TNS   : 0.000

Type  : Slow 1200mV 85C Model Minimum Pulse Width 'PLL_inst|altpll_component|auto_generated|pll1|clk[2]'
Slack : 9.812
TNS   : 0.000

Type  : Slow 1200mV 85C Model Minimum Pulse Width 'clk'
Slack : 9.856
TNS   : 0.000

Type  : Slow 1200mV 85C Model Minimum Pulse Width 'PLL_inst|altpll_component|auto_generated|pll1|clk[0]'
Slack : 19.650
TNS   : 0.000

Type  : Slow 1200mV 0C Model Setup 'PLL_inst|altpll_component|auto_generated|pll1|clk[3]'
Slack : 1.860
TNS   : 0.000

Type  : Slow 1200mV 0C Model Setup 'PLL_inst|altpll_component|auto_generated|pll1|clk[1]'
Slack : 6.836
TNS   : 0.000

Type  : Slow 1200mV 0C Model Setup 'mem_clk'
Slack : 13.703
TNS   : 0.000

Type  : Slow 1200mV 0C Model Setup 'PLL_inst|altpll_component|auto_generated|pll1|clk[0]'
Slack : 14.569
TNS   : 0.000

Type  : Slow 1200mV 0C Model Hold 'PLL_inst|altpll_component|auto_generated|pll1|clk[1]'
Slack : 0.383
TNS   : 0.000

Type  : Slow 1200mV 0C Model Hold 'PLL_inst|altpll_component|auto_generated|pll1|clk[0]'
Slack : 0.402
TNS   : 0.000

Type  : Slow 1200mV 0C Model Hold 'PLL_inst|altpll_component|auto_generated|pll1|clk[3]'
Slack : 0.403
TNS   : 0.000

Type  : Slow 1200mV 0C Model Hold 'mem_clk'
Slack : 1.919
TNS   : 0.000

Type  : Slow 1200mV 0C Model Recovery 'PLL_inst|altpll_component|auto_generated|pll1|clk[1]'
Slack : 15.438
TNS   : 0.000

Type  : Slow 1200mV 0C Model Removal 'PLL_inst|altpll_component|auto_generated|pll1|clk[1]'
Slack : 3.149
TNS   : 0.000

Type  : Slow 1200mV 0C Model Minimum Pulse Width 'PLL_inst|altpll_component|auto_generated|pll1|clk[3]'
Slack : 1.513
TNS   : 0.000

Type  : Slow 1200mV 0C Model Minimum Pulse Width 'mem_clk'
Slack : 4.314
TNS   : 0.000

Type  : Slow 1200mV 0C Model Minimum Pulse Width 'PLL_inst|altpll_component|auto_generated|pll1|clk[1]'
Slack : 9.608
TNS   : 0.000

Type  : Slow 1200mV 0C Model Minimum Pulse Width 'PLL_inst|altpll_component|auto_generated|pll1|clk[2]'
Slack : 9.807
TNS   : 0.000

Type  : Slow 1200mV 0C Model Minimum Pulse Width 'clk'
Slack : 9.846
TNS   : 0.000

Type  : Slow 1200mV 0C Model Minimum Pulse Width 'PLL_inst|altpll_component|auto_generated|pll1|clk[0]'
Slack : 19.656
TNS   : 0.000

Type  : Fast 1200mV 0C Model Setup 'PLL_inst|altpll_component|auto_generated|pll1|clk[3]'
Slack : 2.959
TNS   : 0.000

Type  : Fast 1200mV 0C Model Setup 'PLL_inst|altpll_component|auto_generated|pll1|clk[1]'
Slack : 9.568
TNS   : 0.000

Type  : Fast 1200mV 0C Model Setup 'mem_clk'
Slack : 16.021
TNS   : 0.000

Type  : Fast 1200mV 0C Model Setup 'PLL_inst|altpll_component|auto_generated|pll1|clk[0]'
Slack : 17.638
TNS   : 0.000

Type  : Fast 1200mV 0C Model Hold 'PLL_inst|altpll_component|auto_generated|pll1|clk[1]'
Slack : 0.154
TNS   : 0.000

Type  : Fast 1200mV 0C Model Hold 'PLL_inst|altpll_component|auto_generated|pll1|clk[0]'
Slack : 0.158
TNS   : 0.000

Type  : Fast 1200mV 0C Model Hold 'PLL_inst|altpll_component|auto_generated|pll1|clk[3]'
Slack : 0.188
TNS   : 0.000

Type  : Fast 1200mV 0C Model Hold 'mem_clk'
Slack : 0.661
TNS   : 0.000

Type  : Fast 1200mV 0C Model Recovery 'PLL_inst|altpll_component|auto_generated|pll1|clk[1]'
Slack : 17.620
TNS   : 0.000

Type  : Fast 1200mV 0C Model Removal 'PLL_inst|altpll_component|auto_generated|pll1|clk[1]'
Slack : 1.585
TNS   : 0.000

Type  : Fast 1200mV 0C Model Minimum Pulse Width 'PLL_inst|altpll_component|auto_generated|pll1|clk[3]'
Slack : 1.763
TNS   : 0.000

Type  : Fast 1200mV 0C Model Minimum Pulse Width 'clk'
Slack : 9.412
TNS   : 0.000

Type  : Fast 1200mV 0C Model Minimum Pulse Width 'mem_clk'
Slack : 9.543
TNS   : 0.000

Type  : Fast 1200mV 0C Model Minimum Pulse Width 'PLL_inst|altpll_component|auto_generated|pll1|clk[1]'
Slack : 9.718
TNS   : 0.000

Type  : Fast 1200mV 0C Model Minimum Pulse Width 'PLL_inst|altpll_component|auto_generated|pll1|clk[2]'
Slack : 9.968
TNS   : 0.000

Type  : Fast 1200mV 0C Model Minimum Pulse Width 'PLL_inst|altpll_component|auto_generated|pll1|clk[0]'
Slack : 19.718
TNS   : 0.000

------------------------------------------------------------
